[2025-12-28 15:58:04,710: INFO: main: Welcome to my custom logging project.]
[2025-12-28 15:58:13,320: INFO: main: Welcome to my logging project.]
[2025-12-28 17:32:48,462: INFO: main: Welcome to my project.]
[2025-12-28 17:32:48,462: INFO: main: Enter start training pipeline.]
[2025-12-28 17:32:48,462: INFO: main: >>>> stage Data Ingestion Pipeline started <<<<]
[2025-12-28 17:32:48,474: INFO: common: yaml file: config\config.yaml loaded successfully.]
[2025-12-28 17:32:48,475: INFO: common: yaml file: params.yaml loaded successfully.]
[2025-12-28 17:32:48,475: ERROR: main: yaml file is empty]
Traceback (most recent call last):
  File "C:\Users\theVa\Documents\GitHub\mlops-course\7-EndToEnd\src\datascience\utils\common.py", line 26, in read_yaml
    return ConfigBox(content)
           ^^^^^^^^^^^^^^^^^^
  File "box\\box.py", line 295, in box.box.Box.__init__
box.exceptions.BoxValueError: First argument must be mapping or iterable

During handling of the above exception, another exception occurred:

Traceback (most recent call last):
  File "C:\Users\theVa\Documents\GitHub\mlops-course\7-EndToEnd\main.py", line 11, in start_training_pipeline
    obj.initiate_data_ingestion()
  File "C:\Users\theVa\Documents\GitHub\mlops-course\7-EndToEnd\src\datascience\pipeline\data_ingestion_pipeline.py", line 15, in initiate_data_ingestion
    config = ConfigurationManager()
             ^^^^^^^^^^^^^^^^^^^^^^
  File "C:\Users\theVa\Documents\GitHub\mlops-course\7-EndToEnd\src\datascience\config\configuration.py", line 12, in __init__
    self.params=read_yaml(params_filepath)
                ^^^^^^^^^^^^^^^^^^^^^^^^^^
  File "C:\Users\theVa\Documents\GitHub\mlops-course\.venv\Lib\site-packages\ensure\main.py", line 872, in __call__
    return_val = self.f(*args, **kwargs)
                 ^^^^^^^^^^^^^^^^^^^^^^^
  File "C:\Users\theVa\Documents\GitHub\mlops-course\7-EndToEnd\src\datascience\utils\common.py", line 28, in read_yaml
    raise ValueError('yaml file is empty')
ValueError: yaml file is empty
[2025-12-28 17:36:33,413: INFO: main: Welcome to my project.]
[2025-12-28 17:36:33,413: INFO: main: Enter start training pipeline.]
[2025-12-28 17:36:33,413: INFO: main: >>>> stage Data Ingestion Pipeline started <<<<]
[2025-12-28 17:36:33,421: INFO: common: yaml file: config\config.yaml loaded successfully.]
[2025-12-28 17:36:33,421: INFO: common: Created directory at artifacts]
[2025-12-28 17:36:33,421: INFO: common: Created directory at artifacts/data_ingestion]
[2025-12-28 17:36:33,421: ERROR: main: "'ConfigBox' object has no attribute 'unzip_dir'"]
Traceback (most recent call last):
  File "box\\box.py", line 594, in box.box.Box.__getitem__
KeyError: 'unzip_dir'

The above exception was the direct cause of the following exception:

Traceback (most recent call last):
  File "box\\box.py", line 633, in box.box.Box.__getattr__
  File "box\\box.py", line 621, in box.box.Box.__getitem__
box.exceptions.BoxKeyError: "'unzip_dir'"

During handling of the above exception, another exception occurred:

Traceback (most recent call last):
  File "box\\box.py", line 635, in box.box.Box.__getattr__
AttributeError: 'ConfigBox' object has no attribute 'unzip_dir'

The above exception was the direct cause of the following exception:

Traceback (most recent call last):
  File "box\\config_box.py", line 29, in box.config_box.ConfigBox.__getattr__
  File "box\\box.py", line 649, in box.box.Box.__getattr__
box.exceptions.BoxKeyError: "'ConfigBox' object has no attribute 'unzip_dir'"

During handling of the above exception, another exception occurred:

Traceback (most recent call last):
  File "box\\box.py", line 594, in box.box.Box.__getitem__
KeyError: 'unzip_dir'

The above exception was the direct cause of the following exception:

Traceback (most recent call last):
  File "box\\box.py", line 633, in box.box.Box.__getattr__
  File "box\\box.py", line 621, in box.box.Box.__getitem__
box.exceptions.BoxKeyError: "'unzip_dir'"

During handling of the above exception, another exception occurred:

Traceback (most recent call last):
  File "box\\box.py", line 635, in box.box.Box.__getattr__
AttributeError: 'ConfigBox' object has no attribute 'unzip_dir'

The above exception was the direct cause of the following exception:

Traceback (most recent call last):
  File "C:\Users\theVa\Documents\GitHub\mlops-course\7-EndToEnd\main.py", line 11, in start_training_pipeline
    obj.initiate_data_ingestion()
  File "C:\Users\theVa\Documents\GitHub\mlops-course\7-EndToEnd\src\datascience\pipeline\data_ingestion_pipeline.py", line 16, in initiate_data_ingestion
    data_ingestion_config = config.get_data_ingestion_config()
                            ^^^^^^^^^^^^^^^^^^^^^^^^^^^^^^^^^^
  File "C:\Users\theVa\Documents\GitHub\mlops-course\7-EndToEnd\src\datascience\config\configuration.py", line 21, in get_data_ingestion_config
    unzip_dir=config.unzip_dir
              ^^^^^^^^^^^^^^^^
  File "box\\config_box.py", line 31, in box.config_box.ConfigBox.__getattr__
  File "box\\box.py", line 649, in box.box.Box.__getattr__
box.exceptions.BoxKeyError: "'ConfigBox' object has no attribute 'unzip_dir'"
[2025-12-28 17:41:42,874: INFO: main: Welcome to my project.]
[2025-12-28 17:41:42,874: INFO: main: Enter start training pipeline.]
[2025-12-28 17:41:42,874: INFO: main: >>>> stage Data Ingestion Pipeline started <<<<]
[2025-12-28 17:41:42,880: INFO: common: yaml file: config\config.yaml loaded successfully.]
[2025-12-28 17:41:42,880: INFO: common: Created directory at artifacts]
[2025-12-28 17:41:42,880: INFO: common: Created directory at artifacts/data_ingestion]
[2025-12-28 17:41:42,880: ERROR: main: "'ConfigBox' object has no attribute 'unzip_dir'"]
Traceback (most recent call last):
  File "box\\box.py", line 594, in box.box.Box.__getitem__
KeyError: 'unzip_dir'

The above exception was the direct cause of the following exception:

Traceback (most recent call last):
  File "box\\box.py", line 633, in box.box.Box.__getattr__
  File "box\\box.py", line 621, in box.box.Box.__getitem__
box.exceptions.BoxKeyError: "'unzip_dir'"

During handling of the above exception, another exception occurred:

Traceback (most recent call last):
  File "box\\box.py", line 635, in box.box.Box.__getattr__
AttributeError: 'ConfigBox' object has no attribute 'unzip_dir'

The above exception was the direct cause of the following exception:

Traceback (most recent call last):
  File "box\\config_box.py", line 29, in box.config_box.ConfigBox.__getattr__
  File "box\\box.py", line 649, in box.box.Box.__getattr__
box.exceptions.BoxKeyError: "'ConfigBox' object has no attribute 'unzip_dir'"

During handling of the above exception, another exception occurred:

Traceback (most recent call last):
  File "box\\box.py", line 594, in box.box.Box.__getitem__
KeyError: 'unzip_dir'

The above exception was the direct cause of the following exception:

Traceback (most recent call last):
  File "box\\box.py", line 633, in box.box.Box.__getattr__
  File "box\\box.py", line 621, in box.box.Box.__getitem__
box.exceptions.BoxKeyError: "'unzip_dir'"

During handling of the above exception, another exception occurred:

Traceback (most recent call last):
  File "box\\box.py", line 635, in box.box.Box.__getattr__
AttributeError: 'ConfigBox' object has no attribute 'unzip_dir'

The above exception was the direct cause of the following exception:

Traceback (most recent call last):
  File "C:\Users\theVa\Documents\GitHub\mlops-course\7-EndToEnd\main.py", line 11, in start_training_pipeline
    obj.initiate_data_ingestion()
  File "C:\Users\theVa\Documents\GitHub\mlops-course\7-EndToEnd\src\datascience\pipeline\data_ingestion_pipeline.py", line 16, in initiate_data_ingestion
    data_ingestion_config = config.get_data_ingestion_config()
                            ^^^^^^^^^^^^^^^^^^^^^^^^^^^^^^^^^^
  File "C:\Users\theVa\Documents\GitHub\mlops-course\7-EndToEnd\src\datascience\config\configuration.py", line 21, in get_data_ingestion_config
    unzip_dir=config.unzip_dir
              ^^^^^^^^^^^^^^^^
  File "box\\config_box.py", line 31, in box.config_box.ConfigBox.__getattr__
  File "box\\box.py", line 649, in box.box.Box.__getattr__
box.exceptions.BoxKeyError: "'ConfigBox' object has no attribute 'unzip_dir'"
[2025-12-28 17:41:51,957: INFO: main: Welcome to my project.]
[2025-12-28 17:41:51,957: INFO: main: Enter start training pipeline.]
[2025-12-28 17:41:51,957: INFO: main: >>>> stage Data Ingestion Pipeline started <<<<]
[2025-12-28 17:41:51,961: INFO: common: yaml file: config\config.yaml loaded successfully.]
[2025-12-28 17:41:51,961: INFO: common: Created directory at artifacts]
[2025-12-28 17:41:51,961: INFO: common: Created directory at artifacts/data_ingestion]
[2025-12-28 17:41:51,961: ERROR: main: "'ConfigBox' object has no attribute 'unzip_dir'"]
Traceback (most recent call last):
  File "box\\box.py", line 594, in box.box.Box.__getitem__
KeyError: 'unzip_dir'

The above exception was the direct cause of the following exception:

Traceback (most recent call last):
  File "box\\box.py", line 633, in box.box.Box.__getattr__
  File "box\\box.py", line 621, in box.box.Box.__getitem__
box.exceptions.BoxKeyError: "'unzip_dir'"

During handling of the above exception, another exception occurred:

Traceback (most recent call last):
  File "box\\box.py", line 635, in box.box.Box.__getattr__
AttributeError: 'ConfigBox' object has no attribute 'unzip_dir'

The above exception was the direct cause of the following exception:

Traceback (most recent call last):
  File "box\\config_box.py", line 29, in box.config_box.ConfigBox.__getattr__
  File "box\\box.py", line 649, in box.box.Box.__getattr__
box.exceptions.BoxKeyError: "'ConfigBox' object has no attribute 'unzip_dir'"

During handling of the above exception, another exception occurred:

Traceback (most recent call last):
  File "box\\box.py", line 594, in box.box.Box.__getitem__
KeyError: 'unzip_dir'

The above exception was the direct cause of the following exception:

Traceback (most recent call last):
  File "box\\box.py", line 633, in box.box.Box.__getattr__
  File "box\\box.py", line 621, in box.box.Box.__getitem__
box.exceptions.BoxKeyError: "'unzip_dir'"

During handling of the above exception, another exception occurred:

Traceback (most recent call last):
  File "box\\box.py", line 635, in box.box.Box.__getattr__
AttributeError: 'ConfigBox' object has no attribute 'unzip_dir'

The above exception was the direct cause of the following exception:

Traceback (most recent call last):
  File "C:\Users\theVa\Documents\GitHub\mlops-course\7-EndToEnd\main.py", line 11, in start_training_pipeline
    obj.initiate_data_ingestion()
  File "C:\Users\theVa\Documents\GitHub\mlops-course\7-EndToEnd\src\datascience\pipeline\data_ingestion_pipeline.py", line 16, in initiate_data_ingestion
    data_ingestion_config = config.get_data_ingestion_config()
                            ^^^^^^^^^^^^^^^^^^^^^^^^^^^^^^^^^^
  File "C:\Users\theVa\Documents\GitHub\mlops-course\7-EndToEnd\src\datascience\config\configuration.py", line 21, in get_data_ingestion_config
    unzip_dir=config.unzip_dir
              ^^^^^^^^^^^^^^^^
  File "box\\config_box.py", line 31, in box.config_box.ConfigBox.__getattr__
  File "box\\box.py", line 649, in box.box.Box.__getattr__
box.exceptions.BoxKeyError: "'ConfigBox' object has no attribute 'unzip_dir'"
[2025-12-28 17:48:52,992: INFO: main: Welcome to my project.]
[2025-12-28 17:48:52,994: INFO: main: Enter start training pipeline.]
[2025-12-28 17:48:52,994: INFO: main: >>>> stage Data Ingestion Pipeline started <<<<]
[2025-12-28 17:48:53,008: INFO: common: yaml file: config\config.yaml loaded successfully.]
[2025-12-28 17:48:53,009: INFO: common: Created directory at artifacts]
[2025-12-28 17:48:53,009: INFO: common: Created directory at artifacts/data_ingestion]
[2025-12-28 17:48:53,009: INFO: data_ingestion: File already exists]
[2025-12-28 17:48:53,012: INFO: main: >>>> Data Ingestion Pipeline completed <<<<]
[2025-12-28 17:48:53,013: INFO: main: Exit start training pipeline.]
[2025-12-28 17:49:06,891: INFO: main: Welcome to my project.]
[2025-12-28 17:49:06,891: INFO: main: Enter start training pipeline.]
[2025-12-28 17:49:06,891: INFO: main: >>>> stage Data Ingestion Pipeline started <<<<]
[2025-12-28 17:49:06,891: INFO: common: yaml file: config\config.yaml loaded successfully.]
[2025-12-28 17:49:06,891: INFO: common: Created directory at artifacts]
[2025-12-28 17:49:06,891: INFO: common: Created directory at artifacts/data_ingestion]
[2025-12-28 17:49:07,282: INFO: data_ingestion: artifacts/data_ingestion/data.zip download! with following info: 
Connection: close
Content-Length: 23329
Cache-Control: max-age=300
Content-Security-Policy: default-src 'none'; style-src 'unsafe-inline'; sandbox
Content-Type: application/zip
ETag: "c69888a4ae59bc5a893392785a938ccd4937981c06ba8a9d6a21aa52b4ab5b6e"
Strict-Transport-Security: max-age=31536000
X-Content-Type-Options: nosniff
X-Frame-Options: deny
X-XSS-Protection: 1; mode=block
X-GitHub-Request-Id: 7874:9F7F0:152FC6:1AE873:6951C1F0
Accept-Ranges: bytes
Date: Sun, 28 Dec 2025 23:49:07 GMT
Via: 1.1 varnish
X-Served-By: cache-dfw-kdfw8210056-DFW
X-Cache: MISS
X-Cache-Hits: 0
X-Timer: S1766965747.947755,VS0,VE63
Vary: Authorization,Accept-Encoding
Access-Control-Allow-Origin: *
Cross-Origin-Resource-Policy: cross-origin
X-Fastly-Request-ID: 6cd5c0f86d1317d63f8ad99ce536531764b20b14
Expires: Sun, 28 Dec 2025 23:54:07 GMT
Source-Age: 0

]
[2025-12-28 17:49:07,302: INFO: main: >>>> Data Ingestion Pipeline completed <<<<]
[2025-12-28 17:49:07,302: INFO: main: Exit start training pipeline.]
[2026-01-02 16:44:29,810: INFO: common: yaml file: config\config.yaml loaded successfully.]
[2026-01-02 16:44:29,813: INFO: common: Created directory at artifacts]
[2026-01-02 16:44:29,815: INFO: common: Created directory at artifacts/data_validation]
[2026-01-02 16:44:54,956: INFO: common: yaml file: config\config.yaml loaded successfully.]
[2026-01-02 16:44:54,957: INFO: common: Created directory at artifacts]
[2026-01-02 16:44:54,958: INFO: common: Created directory at artifacts/data_validation]
[2026-01-02 16:49:46,772: INFO: common: yaml file: config\config.yaml loaded successfully.]
[2026-01-02 16:49:46,773: INFO: common: Created directory at artifacts]
[2026-01-02 16:49:46,774: INFO: common: Created directory at artifacts/data_validation]
[2026-01-02 16:50:01,003: INFO: common: yaml file: config\config.yaml loaded successfully.]
[2026-01-02 16:50:01,004: INFO: common: yaml file: params.yaml loaded successfully.]
[2026-01-02 16:50:53,706: INFO: common: yaml file: config\config.yaml loaded successfully.]
[2026-01-02 16:50:53,708: INFO: common: yaml file: params.yaml loaded successfully.]
[2026-01-02 16:51:09,512: INFO: common: yaml file: config\config.yaml loaded successfully.]
[2026-01-02 16:51:09,515: INFO: common: yaml file: params.yaml loaded successfully.]
[2026-01-02 16:52:14,657: INFO: common: yaml file: config\config.yaml loaded successfully.]
[2026-01-02 16:52:14,663: INFO: common: yaml file: params.yaml loaded successfully.]
[2026-01-02 16:55:12,019: INFO: common: yaml file: config\config.yaml loaded successfully.]
[2026-01-02 16:55:12,021: INFO: common: yaml file: params.yaml loaded successfully.]
[2026-01-02 16:56:00,028: INFO: common: yaml file: config\config.yaml loaded successfully.]
[2026-01-02 16:56:00,029: INFO: common: yaml file: params.yaml loaded successfully.]
[2026-01-02 16:56:34,072: INFO: common: yaml file: config\config.yaml loaded successfully.]
[2026-01-02 16:56:34,072: INFO: common: yaml file: params.yaml loaded successfully.]
[2026-01-02 16:56:45,973: INFO: common: yaml file: config\config.yaml loaded successfully.]
[2026-01-02 16:56:45,976: INFO: common: yaml file: params.yaml loaded successfully.]
[2026-01-02 16:57:03,536: INFO: common: yaml file: config\config.yaml loaded successfully.]
[2026-01-02 16:57:03,537: INFO: common: yaml file: params.yaml loaded successfully.]
[2026-01-02 16:57:21,146: INFO: common: yaml file: config\config.yaml loaded successfully.]
[2026-01-02 16:57:21,148: INFO: common: yaml file: params.yaml loaded successfully.]
[2026-01-02 16:58:49,205: INFO: common: yaml file: config\config.yaml loaded successfully.]
[2026-01-02 16:58:49,208: INFO: common: yaml file: params.yaml loaded successfully.]
[2026-01-02 16:59:20,739: INFO: common: yaml file: config\config.yaml loaded successfully.]
[2026-01-02 16:59:20,740: INFO: common: yaml file: params.yaml loaded successfully.]
[2026-01-02 17:00:06,356: INFO: common: yaml file: config\config.yaml loaded successfully.]
[2026-01-02 17:00:06,357: INFO: common: yaml file: params.yaml loaded successfully.]
[2026-01-02 17:01:31,387: INFO: common: yaml file: config\config.yaml loaded successfully.]
[2026-01-02 17:01:31,388: INFO: common: yaml file: params.yaml loaded successfully.]
[2026-01-02 17:02:09,259: INFO: common: yaml file: config\config.yaml loaded successfully.]
[2026-01-02 17:02:09,259: INFO: common: yaml file: params.yaml loaded successfully.]
[2026-01-02 17:06:17,137: INFO: common: yaml file: config\config.yaml loaded successfully.]
[2026-01-02 17:06:17,140: INFO: common: yaml file: params.yaml loaded successfully.]
[2026-01-02 17:06:17,141: INFO: common: yaml file: schema.yaml loaded successfully.]
[2026-01-02 17:06:17,141: INFO: common: Created directory at artifacts]
[2026-01-02 17:06:17,141: INFO: common: Created directory at artifacts/data_validation]
[2026-01-02 17:06:34,139: INFO: common: yaml file: config\config.yaml loaded successfully.]
[2026-01-02 17:06:34,140: INFO: common: yaml file: params.yaml loaded successfully.]
[2026-01-02 17:06:34,144: INFO: common: yaml file: schema.yaml loaded successfully.]
[2026-01-02 17:06:34,144: INFO: common: Created directory at artifacts]
[2026-01-02 17:06:34,146: INFO: common: Created directory at artifacts/data_validation]
[2026-01-02 17:20:24,728: INFO: main: Welcome to my project.]
[2026-01-02 17:20:24,728: INFO: main: Enter start training pipeline.]
[2026-01-02 17:20:24,729: INFO: main: >>>> stage Data Ingestion Pipeline started <<<<]
[2026-01-02 17:20:24,730: INFO: common: yaml file: config\config.yaml loaded successfully.]
[2026-01-02 17:20:24,730: INFO: common: Created directory at artifacts]
[2026-01-02 17:20:24,730: INFO: common: Created directory at artifacts/data_ingestion]
[2026-01-02 17:20:24,730: INFO: data_ingestion: File already exists]
[2026-01-02 17:20:24,743: INFO: main: >>>> Data Ingestion Pipeline completed <<<<]
[2026-01-02 17:20:24,743: INFO: main: >>>> stage Data Validation Pipeline started <<<<]
[2026-01-02 17:20:24,743: INFO: common: yaml file: config\config.yaml loaded successfully.]
[2026-01-02 17:20:24,743: INFO: common: Created directory at artifacts]
[2026-01-02 17:20:24,743: ERROR: main: 'ConfigurationManager' object has no attribute 'schema']
Traceback (most recent call last):
  File "C:\Users\theVa\Documents\GitHub\mlops-course\7-EndToEnd\main.py", line 18, in start_training_pipeline
    obj.initiate_data_validation()
  File "C:\Users\theVa\Documents\GitHub\mlops-course\7-EndToEnd\src\datascience\pipeline\data_validation_pipeline.py", line 17, in initiate_data_validation
    raise e
  File "C:\Users\theVa\Documents\GitHub\mlops-course\7-EndToEnd\src\datascience\pipeline\data_validation_pipeline.py", line 13, in initiate_data_validation
    data_validation_config = config.get_data_validation_config()
                             ^^^^^^^^^^^^^^^^^^^^^^^^^^^^^^^^^^^
  File "C:\Users\theVa\Documents\GitHub\mlops-course\7-EndToEnd\src\datascience\config\configuration.py", line 27, in get_data_validation_config
    schema = self.schema.COLUMNS
             ^^^^^^^^^^^
AttributeError: 'ConfigurationManager' object has no attribute 'schema'
[2026-01-02 17:23:37,672: INFO: main: Welcome to my project.]
[2026-01-02 17:23:37,672: INFO: main: Enter start training pipeline.]
[2026-01-02 17:23:37,673: INFO: main: >>>> stage Data Ingestion Pipeline started <<<<]
[2026-01-02 17:23:37,673: INFO: common: yaml file: config\config.yaml loaded successfully.]
[2026-01-02 17:23:37,675: INFO: common: yaml file: params.yaml loaded successfully.]
[2026-01-02 17:23:37,675: INFO: common: yaml file: schema.yaml loaded successfully.]
[2026-01-02 17:23:37,675: INFO: common: Created directory at artifacts]
[2026-01-02 17:23:37,675: INFO: common: Created directory at artifacts/data_ingestion]
[2026-01-02 17:23:37,675: INFO: data_ingestion: File already exists]
[2026-01-02 17:23:37,680: INFO: main: >>>> Data Ingestion Pipeline completed <<<<]
[2026-01-02 17:23:37,680: INFO: main: >>>> stage Data Validation Pipeline started <<<<]
[2026-01-02 17:23:37,681: INFO: common: yaml file: config\config.yaml loaded successfully.]
[2026-01-02 17:23:37,682: INFO: common: yaml file: params.yaml loaded successfully.]
[2026-01-02 17:23:37,684: INFO: common: yaml file: schema.yaml loaded successfully.]
[2026-01-02 17:23:37,684: INFO: common: Created directory at artifacts]
[2026-01-02 17:23:37,684: INFO: common: Created directory at artifacts/data_validation]
[2026-01-02 17:23:37,694: INFO: main: >>>> Data Validation Pipeline completed <<<<]
[2026-01-02 17:23:37,694: INFO: main: Exit start training pipeline.]
[2026-01-03 11:46:56,725: INFO: common: yaml file: config\config.yaml loaded successfully.]
[2026-01-03 11:46:56,731: INFO: common: yaml file: params.yaml loaded successfully.]
[2026-01-03 11:46:56,735: INFO: common: yaml file: schema.yaml loaded successfully.]
[2026-01-03 11:46:56,736: INFO: common: Created directory at artifacts]
[2026-01-03 11:46:56,738: INFO: common: Created directory at artifacts/data_transformation]
[2026-01-03 11:48:01,546: INFO: common: yaml file: config\config.yaml loaded successfully.]
[2026-01-03 11:48:01,547: INFO: common: yaml file: params.yaml loaded successfully.]
[2026-01-03 11:48:01,550: INFO: common: yaml file: schema.yaml loaded successfully.]
[2026-01-03 11:48:01,552: INFO: common: Created directory at artifacts]
[2026-01-03 11:48:01,553: INFO: common: Created directory at artifacts/data_transformation]
[2026-01-03 11:48:01,595: INFO: 2279853232: Split data into training and test sets]
[2026-01-03 11:48:01,596: INFO: 2279853232: (1199, 12)]
[2026-01-03 11:48:01,597: INFO: 2279853232: (400, 12)]
[2026-01-03 12:00:17,203: INFO: main: Welcome to my project.]
[2026-01-03 12:00:17,203: INFO: main: Enter start training pipeline.]
[2026-01-03 12:00:17,203: INFO: main: >>>> stage Data Ingestion Pipeline started <<<<]
[2026-01-03 12:00:17,205: INFO: common: yaml file: config\config.yaml loaded successfully.]
[2026-01-03 12:00:17,206: INFO: common: yaml file: params.yaml loaded successfully.]
[2026-01-03 12:00:17,207: INFO: common: yaml file: schema.yaml loaded successfully.]
[2026-01-03 12:00:17,208: INFO: common: Created directory at artifacts]
[2026-01-03 12:00:17,208: INFO: common: Created directory at artifacts/data_ingestion]
[2026-01-03 12:00:17,208: INFO: data_ingestion: File already exists]
[2026-01-03 12:00:17,228: INFO: main: >>>> Data Ingestion Pipeline completed <<<<]
[2026-01-03 12:00:17,229: INFO: main: >>>> stage Data Validation Pipeline started <<<<]
[2026-01-03 12:00:17,230: INFO: common: yaml file: config\config.yaml loaded successfully.]
[2026-01-03 12:00:17,231: INFO: common: yaml file: params.yaml loaded successfully.]
[2026-01-03 12:00:17,232: INFO: common: yaml file: schema.yaml loaded successfully.]
[2026-01-03 12:00:17,232: INFO: common: Created directory at artifacts]
[2026-01-03 12:00:17,233: INFO: common: Created directory at artifacts/data_validation]
[2026-01-03 12:00:17,243: INFO: main: >>>> Data Validation Pipeline completed <<<<]
[2026-01-03 12:00:17,243: INFO: main: >>>> stage Data Transformation Pipeline started <<<<]
[2026-01-03 12:00:17,243: ERROR: main: DataTransformationPipeline.initiate_data_transformation() takes 0 positional arguments but 1 was given]
Traceback (most recent call last):
  File "C:\Users\theVa\Documents\GitHub\mlops-course\7-EndToEnd\main.py", line 25, in start_training_pipeline
    pipeline.initiate_data_transformation()
TypeError: DataTransformationPipeline.initiate_data_transformation() takes 0 positional arguments but 1 was given
[2026-01-03 12:00:35,838: INFO: main: Welcome to my project.]
[2026-01-03 12:00:35,838: INFO: main: Enter start training pipeline.]
[2026-01-03 12:00:35,838: INFO: main: >>>> stage Data Ingestion Pipeline started <<<<]
[2026-01-03 12:00:35,839: INFO: common: yaml file: config\config.yaml loaded successfully.]
[2026-01-03 12:00:35,840: INFO: common: yaml file: params.yaml loaded successfully.]
[2026-01-03 12:00:35,841: INFO: common: yaml file: schema.yaml loaded successfully.]
[2026-01-03 12:00:35,842: INFO: common: Created directory at artifacts]
[2026-01-03 12:00:35,842: INFO: common: Created directory at artifacts/data_ingestion]
[2026-01-03 12:00:35,842: INFO: data_ingestion: File already exists]
[2026-01-03 12:00:35,845: INFO: main: >>>> Data Ingestion Pipeline completed <<<<]
[2026-01-03 12:00:35,845: INFO: main: >>>> stage Data Validation Pipeline started <<<<]
[2026-01-03 12:00:35,846: INFO: common: yaml file: config\config.yaml loaded successfully.]
[2026-01-03 12:00:35,847: INFO: common: yaml file: params.yaml loaded successfully.]
[2026-01-03 12:00:35,848: INFO: common: yaml file: schema.yaml loaded successfully.]
[2026-01-03 12:00:35,849: INFO: common: Created directory at artifacts]
[2026-01-03 12:00:35,849: INFO: common: Created directory at artifacts/data_validation]
[2026-01-03 12:00:35,858: INFO: main: >>>> Data Validation Pipeline completed <<<<]
[2026-01-03 12:00:35,859: INFO: main: >>>> stage Data Transformation Pipeline started <<<<]
[2026-01-03 12:00:35,860: ERROR: main: 'builtin_function_or_method' object has no attribute 'split']
Traceback (most recent call last):
  File "C:\Users\theVa\Documents\GitHub\mlops-course\7-EndToEnd\main.py", line 25, in start_training_pipeline
    pipeline.initiate_data_transformation()
  File "C:\Users\theVa\Documents\GitHub\mlops-course\7-EndToEnd\src\datascience\pipeline\data_transformation.py", line 23, in initiate_data_transformation
    raise e
  File "C:\Users\theVa\Documents\GitHub\mlops-course\7-EndToEnd\src\datascience\pipeline\data_transformation.py", line 14, in initiate_data_transformation
    status=f.read.split(':')[-1]
           ^^^^^^^^^^^^
AttributeError: 'builtin_function_or_method' object has no attribute 'split'
[2026-01-03 12:01:35,424: INFO: main: Welcome to my project.]
[2026-01-03 12:01:35,424: INFO: main: Enter start training pipeline.]
[2026-01-03 12:01:35,424: INFO: main: >>>> stage Data Ingestion Pipeline started <<<<]
[2026-01-03 12:01:35,426: INFO: common: yaml file: config\config.yaml loaded successfully.]
[2026-01-03 12:01:35,426: INFO: common: yaml file: params.yaml loaded successfully.]
[2026-01-03 12:01:35,428: INFO: common: yaml file: schema.yaml loaded successfully.]
[2026-01-03 12:01:35,428: INFO: common: Created directory at artifacts]
[2026-01-03 12:01:35,429: INFO: common: Created directory at artifacts/data_ingestion]
[2026-01-03 12:01:35,429: INFO: data_ingestion: File already exists]
[2026-01-03 12:01:35,432: INFO: main: >>>> Data Ingestion Pipeline completed <<<<]
[2026-01-03 12:01:35,432: INFO: main: >>>> stage Data Validation Pipeline started <<<<]
[2026-01-03 12:01:35,433: INFO: common: yaml file: config\config.yaml loaded successfully.]
[2026-01-03 12:01:35,434: INFO: common: yaml file: params.yaml loaded successfully.]
[2026-01-03 12:01:35,435: INFO: common: yaml file: schema.yaml loaded successfully.]
[2026-01-03 12:01:35,436: INFO: common: Created directory at artifacts]
[2026-01-03 12:01:35,436: INFO: common: Created directory at artifacts/data_validation]
[2026-01-03 12:01:35,446: INFO: main: >>>> Data Validation Pipeline completed <<<<]
[2026-01-03 12:01:35,446: INFO: main: >>>> stage Data Transformation Pipeline started <<<<]
[2026-01-03 12:01:35,449: INFO: common: yaml file: config\config.yaml loaded successfully.]
[2026-01-03 12:01:35,450: INFO: common: yaml file: params.yaml loaded successfully.]
[2026-01-03 12:01:35,451: INFO: common: yaml file: schema.yaml loaded successfully.]
[2026-01-03 12:01:35,452: INFO: common: Created directory at artifacts]
[2026-01-03 12:01:35,452: INFO: common: Created directory at artifacts/data_transformation]
[2026-01-03 12:01:35,472: INFO: data_transformation: Split data into training and test sets]
[2026-01-03 12:01:35,472: INFO: data_transformation: (1199, 12)]
[2026-01-03 12:01:35,472: INFO: data_transformation: (400, 12)]
[2026-01-03 12:01:35,473: INFO: main: >>>> Data Transformation Pipeline completed <<<<]
[2026-01-03 12:01:35,473: INFO: main: Exit start training pipeline.]
[2026-01-03 12:41:58,549: INFO: common: yaml file: config\config.yaml loaded successfully.]
[2026-01-03 12:41:58,549: INFO: common: yaml file: params.yaml loaded successfully.]
[2026-01-03 12:41:58,563: INFO: common: yaml file: schema.yaml loaded successfully.]
[2026-01-03 12:41:58,563: INFO: common: Created directory at artifacts]
[2026-01-03 12:42:50,872: INFO: common: yaml file: config\config.yaml loaded successfully.]
[2026-01-03 12:42:50,873: INFO: common: yaml file: params.yaml loaded successfully.]
[2026-01-03 12:42:50,876: INFO: common: yaml file: schema.yaml loaded successfully.]
[2026-01-03 12:42:50,878: INFO: common: Created directory at artifacts]
[2026-01-03 12:43:11,683: INFO: common: yaml file: config\config.yaml loaded successfully.]
[2026-01-03 12:43:11,696: INFO: common: yaml file: params.yaml loaded successfully.]
[2026-01-03 12:43:11,698: INFO: common: yaml file: schema.yaml loaded successfully.]
[2026-01-03 12:43:11,700: INFO: common: Created directory at artifacts]
[2026-01-03 12:49:32,946: INFO: common: yaml file: config\config.yaml loaded successfully.]
[2026-01-03 12:49:32,948: INFO: common: yaml file: params.yaml loaded successfully.]
[2026-01-03 12:49:32,951: INFO: common: yaml file: schema.yaml loaded successfully.]
[2026-01-03 12:49:32,953: INFO: common: Created directory at artifacts]
[2026-01-03 12:50:30,240: INFO: common: yaml file: config\config.yaml loaded successfully.]
[2026-01-03 12:50:30,243: INFO: common: yaml file: params.yaml loaded successfully.]
[2026-01-03 12:50:30,245: INFO: common: yaml file: schema.yaml loaded successfully.]
[2026-01-03 12:50:30,246: INFO: common: Created directory at artifacts]
[2026-01-03 12:50:30,247: INFO: common: Created directory at artifacts/model_trainer]
[2026-01-03 12:52:03,938: INFO: common: yaml file: config\config.yaml loaded successfully.]
[2026-01-03 12:52:03,940: INFO: common: yaml file: params.yaml loaded successfully.]
[2026-01-03 12:52:03,942: INFO: common: yaml file: schema.yaml loaded successfully.]
[2026-01-03 12:52:03,944: INFO: common: Created directory at artifacts]
[2026-01-03 12:52:03,946: INFO: common: Created directory at artifacts/model_trainer]
[2026-01-03 12:52:36,353: INFO: common: yaml file: config\config.yaml loaded successfully.]
[2026-01-03 12:52:36,356: INFO: common: yaml file: params.yaml loaded successfully.]
[2026-01-03 12:52:36,359: INFO: common: yaml file: schema.yaml loaded successfully.]
[2026-01-03 12:52:36,360: INFO: common: Created directory at artifacts]
[2026-01-03 12:52:36,362: INFO: common: Created directory at artifacts/model_trainer]
[2026-01-03 12:52:53,600: INFO: common: yaml file: config\config.yaml loaded successfully.]
[2026-01-03 12:52:53,601: INFO: common: yaml file: params.yaml loaded successfully.]
[2026-01-03 12:52:53,603: INFO: common: yaml file: schema.yaml loaded successfully.]
[2026-01-03 12:52:53,603: INFO: common: Created directory at artifacts]
[2026-01-03 12:52:53,603: INFO: common: Created directory at artifacts/model_trainer]
[2026-01-03 12:53:14,733: INFO: common: yaml file: config\config.yaml loaded successfully.]
[2026-01-03 12:53:14,734: INFO: common: yaml file: params.yaml loaded successfully.]
[2026-01-03 12:53:14,736: INFO: common: yaml file: schema.yaml loaded successfully.]
[2026-01-03 12:53:14,738: INFO: common: Created directory at artifacts]
[2026-01-03 12:53:14,738: INFO: common: Created directory at artifacts/model_trainer]
[2026-01-03 12:53:34,170: INFO: common: yaml file: config\config.yaml loaded successfully.]
[2026-01-03 12:53:34,172: INFO: common: yaml file: params.yaml loaded successfully.]
[2026-01-03 12:53:34,174: INFO: common: yaml file: schema.yaml loaded successfully.]
[2026-01-03 12:53:34,174: INFO: common: Created directory at artifacts]
[2026-01-03 12:53:34,174: INFO: common: Created directory at artifacts/model_trainer]
[2026-01-03 12:54:19,459: INFO: common: yaml file: config\config.yaml loaded successfully.]
[2026-01-03 12:54:19,462: INFO: common: yaml file: params.yaml loaded successfully.]
[2026-01-03 12:54:19,465: INFO: common: yaml file: schema.yaml loaded successfully.]
[2026-01-03 12:54:19,466: INFO: common: Created directory at artifacts]
[2026-01-03 12:54:19,467: INFO: common: Created directory at artifacts/model_trainer]
[2026-01-03 12:54:33,297: INFO: common: yaml file: config\config.yaml loaded successfully.]
[2026-01-03 12:54:33,297: INFO: common: yaml file: params.yaml loaded successfully.]
[2026-01-03 12:54:33,297: INFO: common: yaml file: schema.yaml loaded successfully.]
[2026-01-03 12:54:33,303: INFO: common: Created directory at artifacts]
[2026-01-03 12:54:33,303: INFO: common: Created directory at artifacts/model_trainer]
[2026-01-03 12:54:49,035: INFO: common: yaml file: config\config.yaml loaded successfully.]
[2026-01-03 12:54:49,037: INFO: common: yaml file: params.yaml loaded successfully.]
[2026-01-03 12:54:49,040: INFO: common: yaml file: schema.yaml loaded successfully.]
[2026-01-03 12:54:49,041: INFO: common: Created directory at artifacts]
[2026-01-03 12:54:49,042: INFO: common: Created directory at artifacts/model_trainer]
[2026-01-03 13:03:44,910: INFO: main: Welcome to my project.]
[2026-01-03 13:03:44,911: INFO: main: Enter start training pipeline.]
[2026-01-03 13:03:44,911: INFO: main: >>>> stage Data Ingestion Pipeline started <<<<]
[2026-01-03 13:03:44,911: INFO: common: yaml file: config\config.yaml loaded successfully.]
[2026-01-03 13:03:44,911: INFO: common: yaml file: params.yaml loaded successfully.]
[2026-01-03 13:03:44,911: INFO: common: yaml file: schema.yaml loaded successfully.]
[2026-01-03 13:03:44,911: INFO: common: Created directory at artifacts]
[2026-01-03 13:03:44,911: INFO: common: Created directory at artifacts/data_ingestion]
[2026-01-03 13:03:44,911: INFO: data_ingestion: File already exists]
[2026-01-03 13:03:44,932: INFO: main: >>>> Data Ingestion Pipeline completed <<<<]
[2026-01-03 13:03:44,932: INFO: main: >>>> stage Data Validation Pipeline started <<<<]
[2026-01-03 13:03:44,932: INFO: common: yaml file: config\config.yaml loaded successfully.]
[2026-01-03 13:03:44,932: INFO: common: yaml file: params.yaml loaded successfully.]
[2026-01-03 13:03:44,932: INFO: common: yaml file: schema.yaml loaded successfully.]
[2026-01-03 13:03:44,932: INFO: common: Created directory at artifacts]
[2026-01-03 13:03:44,932: INFO: common: Created directory at artifacts/data_validation]
[2026-01-03 13:03:44,955: INFO: main: >>>> Data Validation Pipeline completed <<<<]
[2026-01-03 13:03:44,955: INFO: main: >>>> stage Data Transformation Pipeline started <<<<]
[2026-01-03 13:03:44,966: INFO: common: yaml file: config\config.yaml loaded successfully.]
[2026-01-03 13:03:44,967: INFO: common: yaml file: params.yaml loaded successfully.]
[2026-01-03 13:03:44,968: INFO: common: yaml file: schema.yaml loaded successfully.]
[2026-01-03 13:03:44,969: INFO: common: Created directory at artifacts]
[2026-01-03 13:03:44,969: INFO: common: Created directory at artifacts/data_transformation]
[2026-01-03 13:03:44,990: INFO: data_transformation: Split data into training and test sets]
[2026-01-03 13:03:44,990: INFO: data_transformation: (1199, 12)]
[2026-01-03 13:03:44,990: INFO: data_transformation: (400, 12)]
[2026-01-03 13:03:44,990: INFO: main: >>>> Data Transformation Pipeline completed <<<<]
[2026-01-03 13:03:44,990: INFO: main: >>>> stage Model Trainer Pipeline started <<<<]
[2026-01-03 13:03:44,991: INFO: common: yaml file: config\config.yaml loaded successfully.]
[2026-01-03 13:03:44,991: INFO: common: yaml file: params.yaml loaded successfully.]
[2026-01-03 13:03:44,991: INFO: common: yaml file: schema.yaml loaded successfully.]
[2026-01-03 13:03:44,994: INFO: common: Created directory at artifacts]
[2026-01-03 13:03:44,994: INFO: common: Created directory at artifacts/model_trainer]
[2026-01-03 13:03:45,031: INFO: main: >>>> Model Trainer Pipeline completed <<<<]
[2026-01-03 13:03:45,031: INFO: main: Exit start training pipeline.]
